https://stats.ncaa.org/game/box_score/4705695 - williams in wrong order, fixed in bottom 5th